2025-11-19 08:27:12 | INFO     | root | Logs will be saved to logs/app_2025-11-19_08-27-12.log
2025-11-19 08:27:12 | INFO     | flet | Assets path configured: /Users/govindajithkumar/PycharmProjects/FoodBarcodeScanner/assets
2025-11-19 08:27:12 | INFO     | flet | Starting up UDS server on /var/folders/8p/3lycjd2d4yj6r4nzff87ynmr0000gn/T/1yCHUADi5Y
2025-11-19 08:27:12 | INFO     | flet | Flet app has started...
2025-11-19 08:27:12 | INFO     | flet | App URL: /var/folders/8p/3lycjd2d4yj6r4nzff87ynmr0000gn/T/1yCHUADi5Y
2025-11-19 08:27:12 | INFO     | flet_desktop | Starting Flet View app...
2025-11-19 08:27:12 | INFO     | flet_desktop | Flet View found in: /Users/govindajithkumar/.flet/bin/flet-0.28.3
2025-11-19 08:27:12 | INFO     | flet | App session started
2025-11-19 08:27:12 | INFO     | utils | Top 5 history barcodes : {'0024463061095': 2, '859213005001': 1} 
2025-11-19 08:27:12 | INFO     | utils | History updated successfully.
2025-11-19 08:27:17 | ERROR    | utils | History cleared successfully.
2025-11-19 08:27:17 | ERROR    | utils | No more history barcodes in the database
2025-11-19 08:27:17 | ERROR    | asyncio | Future exception was never retrieved
future: <Future finished exception=FileNotFoundError(2, 'No such file or directory')>
Traceback (most recent call last):
  File [35m"/opt/anaconda3/envs/proj_env/lib/python3.13/concurrent/futures/thread.py"[0m, line [35m59[0m, in [35mrun[0m
    result = self.fn(*self.args, **self.kwargs)
  File [35m"/opt/anaconda3/envs/proj_env/lib/python3.13/site-packages/flet/core/page.py"[0m, line [35m906[0m, in [35mwrapper[0m
    [31mhandler[0m[1;31m(*args)[0m
    [31m~~~~~~~[0m[1;31m^^^^^^^[0m
  File [35m"/Users/govindajithkumar/PycharmProjects/FoodBarcodeScanner/ui.py"[0m, line [35m114[0m, in [35m<lambda>[0m
    on_click=lambda e: [31mclear_history[0m[1;31m()[0m,
                       [31m~~~~~~~~~~~~~[0m[1;31m^^[0m
  File [35m"/Users/govindajithkumar/PycharmProjects/FoodBarcodeScanner/utils.py"[0m, line [35m145[0m, in [35mclear_history[0m
    for child in [31mfolder.iterdir[0m[1;31m()[0m:
                 [31m~~~~~~~~~~~~~~[0m[1;31m^^[0m
  File [35m"/opt/anaconda3/envs/proj_env/lib/python3.13/pathlib/_local.py"[0m, line [35m575[0m, in [35miterdir[0m
    with [31mos.scandir[0m[1;31m(root_dir)[0m as scandir_it:
         [31m~~~~~~~~~~[0m[1;31m^^^^^^^^^^[0m
[1;35mFileNotFoundError[0m: [35m[Errno 2] No such file or directory: '/json_hist'[0m
