2025-10-27 21:11:24 | INFO     | root | Logs will be saved to logs/app_2025-10-27_21-11-24.log
2025-10-27 21:11:24 | INFO     | flet | Assets path configured: /Users/govindajithkumar/PycharmProjects/FoodBarcodeScanner/assets
2025-10-27 21:11:24 | INFO     | flet | Starting up UDS server on /var/folders/8p/3lycjd2d4yj6r4nzff87ynmr0000gn/T/3Tx9fOQ2QN
2025-10-27 21:11:24 | INFO     | flet | Flet app has started...
2025-10-27 21:11:24 | INFO     | flet | App URL: /var/folders/8p/3lycjd2d4yj6r4nzff87ynmr0000gn/T/3Tx9fOQ2QN
2025-10-27 21:11:24 | INFO     | flet_desktop | Starting Flet View app...
2025-10-27 21:11:24 | INFO     | flet_desktop | Flet View found in: /Users/govindajithkumar/.flet/bin/flet-0.28.3
2025-10-27 21:11:24 | INFO     | flet | App session started
2025-10-27 21:11:29 | ERROR    | asyncio | Future exception was never retrieved
future: <Future finished exception=AttributeError("'ElevatedButton' object has no attribute 'value'")>
Traceback (most recent call last):
  File [35m"/opt/anaconda3/envs/proj_env/lib/python3.13/concurrent/futures/thread.py"[0m, line [35m59[0m, in [35mrun[0m
    result = self.fn(*self.args, **self.kwargs)
  File [35m"/opt/anaconda3/envs/proj_env/lib/python3.13/site-packages/flet/core/page.py"[0m, line [35m906[0m, in [35mwrapper[0m
    [31mhandler[0m[1;31m(*args)[0m
    [31m~~~~~~~[0m[1;31m^^^^^^^[0m
  File [35m"/Users/govindajithkumar/PycharmProjects/FoodBarcodeScanner/ui.py"[0m, line [35m61[0m, in [35mon_submit[0m
    text = [1;31me.control.value[0m.strip()
           [1;31m^^^^^^^^^^^^^^^[0m
[1;35mAttributeError[0m: [35m'ElevatedButton' object has no attribute 'value'[0m
2025-10-27 21:11:45 | ERROR    | asyncio | Future exception was never retrieved
future: <Future finished exception=AttributeError("'ElevatedButton' object has no attribute 'value'")>
Traceback (most recent call last):
  File [35m"/opt/anaconda3/envs/proj_env/lib/python3.13/concurrent/futures/thread.py"[0m, line [35m59[0m, in [35mrun[0m
    result = self.fn(*self.args, **self.kwargs)
  File [35m"/opt/anaconda3/envs/proj_env/lib/python3.13/site-packages/flet/core/page.py"[0m, line [35m906[0m, in [35mwrapper[0m
    [31mhandler[0m[1;31m(*args)[0m
    [31m~~~~~~~[0m[1;31m^^^^^^^[0m
  File [35m"/Users/govindajithkumar/PycharmProjects/FoodBarcodeScanner/ui.py"[0m, line [35m61[0m, in [35mon_submit[0m
    text = [1;31me.control.value[0m.strip()
           [1;31m^^^^^^^^^^^^^^^[0m
[1;35mAttributeError[0m: [35m'ElevatedButton' object has no attribute 'value'[0m
