2025-10-29 13:43:05 | INFO     | root | Logs will be saved to logs/app_2025-10-29_13-43-05.log
2025-10-29 13:43:05 | INFO     | flet | Assets path configured: /Users/govindajithkumar/PycharmProjects/FoodBarcodeScanner/assets
2025-10-29 13:43:05 | INFO     | flet | Starting up UDS server on /var/folders/8p/3lycjd2d4yj6r4nzff87ynmr0000gn/T/4SZXBm7Dt7
2025-10-29 13:43:05 | INFO     | flet | Flet app has started...
2025-10-29 13:43:05 | INFO     | flet | App URL: /var/folders/8p/3lycjd2d4yj6r4nzff87ynmr0000gn/T/4SZXBm7Dt7
2025-10-29 13:43:05 | INFO     | flet_desktop | Starting Flet View app...
2025-10-29 13:43:05 | INFO     | flet_desktop | Flet View found in: /Users/govindajithkumar/.flet/bin/flet-0.28.3
2025-10-29 13:43:05 | INFO     | flet | App session started
2025-10-29 13:43:07 | INFO     | utils | Barcode Updated - 3017624010701 is a valid numerical barcode
2025-10-29 13:43:07 | ERROR    | ui | Barcode Update Failed - 3017624010701 is not a number
2025-10-29 13:43:07 | INFO     | utils | JSON file 3017624010701 exists in history directory.
2025-10-29 13:43:07 | INFO     | ui | File found from history - will use that
2025-10-29 13:43:07 | INFO     | get_food_db | Successfully fetched image from website
2025-10-29 13:43:07 | ERROR    | get_food_db | Serving Size not available on the website
2025-10-29 13:43:07 | INFO     | get_food_db | Successfully fetched all available and requested from website
2025-10-29 13:43:07 | INFO     | ui | New Barcode Data processed for 3017624010701
2025-10-29 13:43:07 | INFO     | ui | Successfully showed image for 3017624010701
2025-10-29 13:43:07 | INFO     | utils | Barcode Updated - 3017624010701 is a valid numerical barcode
2025-10-29 13:43:07 | ERROR    | asyncio | Future exception was never retrieved
future: <Future finished exception=ValueError('not enough values to unpack (expected 2, got 1)')>
Traceback (most recent call last):
  File [35m"/opt/anaconda3/envs/proj_env/lib/python3.13/concurrent/futures/thread.py"[0m, line [35m59[0m, in [35mrun[0m
    result = self.fn(*self.args, **self.kwargs)
  File [35m"/opt/anaconda3/envs/proj_env/lib/python3.13/site-packages/flet/core/page.py"[0m, line [35m906[0m, in [35mwrapper[0m
    [31mhandler[0m[1;31m(*args)[0m
    [31m~~~~~~~[0m[1;31m^^^^^^^[0m
  File [35m"/Users/govindajithkumar/PycharmProjects/FoodBarcodeScanner/ui.py"[0m, line [35m222[0m, in [35mdisplay_nutrition[0m
    for [1;31mnutrient_key, nutrient_val[0m in self.processed_nutritional_info[
        [1;31m^^^^^^^^^^^^^^^^^^^^^^^^^^[0m
[1;35mValueError[0m: [35mnot enough values to unpack (expected 2, got 1)[0m
