2025-10-29 18:10:43 | INFO     | root | Logs will be saved to logs/app_2025-10-29_18-10-43.log
2025-10-29 18:10:43 | INFO     | flet | Assets path configured: /Users/govindajithkumar/PycharmProjects/FoodBarcodeScanner/assets
2025-10-29 18:10:43 | INFO     | flet | Starting up UDS server on /var/folders/8p/3lycjd2d4yj6r4nzff87ynmr0000gn/T/NNHoa0oaJE
2025-10-29 18:10:43 | INFO     | flet | Flet app has started...
2025-10-29 18:10:43 | INFO     | flet | App URL: /var/folders/8p/3lycjd2d4yj6r4nzff87ynmr0000gn/T/NNHoa0oaJE
2025-10-29 18:10:43 | INFO     | flet_desktop | Starting Flet View app...
2025-10-29 18:10:43 | INFO     | flet_desktop | Flet View found in: /Users/govindajithkumar/.flet/bin/flet-0.28.3
2025-10-29 18:10:44 | INFO     | flet | App session started
2025-10-29 18:10:49 | INFO     | utils | Barcode Updated - 8445290728791 is a valid numerical barcode
2025-10-29 18:10:49 | INFO     | utils | Top 5 history barcodes : {'722252153258': 10, '8445290728791': 1} 
2025-10-29 18:10:49 | INFO     | utils | History updated successfully.
2025-10-29 18:10:49 | INFO     | utils | JSON file 8445290728791 exists in history directory.
2025-10-29 18:10:49 | INFO     | ui | File found from history - will use that
2025-10-29 18:10:49 | INFO     | get_food_db | Successfully fetched image from website
2025-10-29 18:10:49 | INFO     | get_food_db | Successfully fetched all available and requested from website
2025-10-29 18:10:49 | INFO     | ui | New Barcode Data processed for 8445290728791
2025-10-29 18:10:49 | INFO     | ui | Successfully showed image for 8445290728791
2025-10-29 18:10:49 | INFO     | utils | Barcode Updated - 8445290728791 is a valid numerical barcode
2025-10-29 18:10:49 | INFO     | ui | Successfully updated nutritional info for 8445290728791
2025-10-29 18:10:49 | ERROR    | asyncio | Future exception was never retrieved
future: <Future finished exception=AttributeError("'DisplayHMI' object has no attribute 'max_history'")>
Traceback (most recent call last):
  File [35m"/opt/anaconda3/envs/proj_env/lib/python3.13/concurrent/futures/thread.py"[0m, line [35m59[0m, in [35mrun[0m
    result = self.fn(*self.args, **self.kwargs)
  File [35m"/opt/anaconda3/envs/proj_env/lib/python3.13/site-packages/flet/core/page.py"[0m, line [35m906[0m, in [35mwrapper[0m
    [31mhandler[0m[1;31m(*args)[0m
    [31m~~~~~~~[0m[1;31m^^^^^^^[0m
  File [35m"/Users/govindajithkumar/PycharmProjects/FoodBarcodeScanner/ui.py"[0m, line [35m310[0m, in [35mdisplay_nutrition[0m
    [31mself.perform_history_check[0m[1;31m()[0m
    [31m~~~~~~~~~~~~~~~~~~~~~~~~~~[0m[1;31m^^[0m
  File [35m"/Users/govindajithkumar/PycharmProjects/FoodBarcodeScanner/ui.py"[0m, line [35m323[0m, in [35mperform_history_check[0m
    if len(self.history_row.controls) >= [1;31mself.max_history[0m:
                                         [1;31m^^^^^^^^^^^^^^^^[0m
[1;35mAttributeError[0m: [35m'DisplayHMI' object has no attribute 'max_history'[0m
2025-10-29 18:10:51 | ERROR    | utils | History cleared successfully.
2025-10-29 18:10:51 | ERROR    | utils | No more history barcodes in the database
