2025-10-29 13:42:22 | INFO     | root | Logs will be saved to logs/app_2025-10-29_13-42-22.log
2025-10-29 13:42:22 | INFO     | flet | Assets path configured: /Users/govindajithkumar/PycharmProjects/FoodBarcodeScanner/assets
2025-10-29 13:42:22 | INFO     | flet | Starting up UDS server on /var/folders/8p/3lycjd2d4yj6r4nzff87ynmr0000gn/T/wmAknHevIK
2025-10-29 13:42:22 | INFO     | flet | Flet app has started...
2025-10-29 13:42:22 | INFO     | flet | App URL: /var/folders/8p/3lycjd2d4yj6r4nzff87ynmr0000gn/T/wmAknHevIK
2025-10-29 13:42:22 | INFO     | flet_desktop | Starting Flet View app...
2025-10-29 13:42:22 | INFO     | flet_desktop | Flet View found in: /Users/govindajithkumar/.flet/bin/flet-0.28.3
2025-10-29 13:42:22 | INFO     | flet | App session started
2025-10-29 13:42:24 | INFO     | utils | Barcode Updated - 3017624010701 is a valid numerical barcode
2025-10-29 13:42:24 | ERROR    | ui | Barcode Update Failed - 3017624010701 is not a number
2025-10-29 13:42:24 | INFO     | utils | JSON file 3017624010701 exists in history directory.
2025-10-29 13:42:24 | INFO     | ui | File found from history - will use that
2025-10-29 13:42:24 | INFO     | get_food_db | Successfully fetched image from website
2025-10-29 13:42:24 | ERROR    | get_food_db | Serving Size not available on the website
2025-10-29 13:42:24 | INFO     | get_food_db | Successfully fetched all available and requested from website
2025-10-29 13:42:24 | INFO     | ui | New Barcode Data processed for 3017624010701
2025-10-29 13:42:24 | INFO     | ui | Successfully showed image for 3017624010701
2025-10-29 13:42:24 | INFO     | utils | Barcode Updated - 3017624010701 is a valid numerical barcode
2025-10-29 13:42:24 | ERROR    | asyncio | Future exception was never retrieved
future: <Future finished exception=AttributeError("'str' object has no attribute 'items'")>
Traceback (most recent call last):
  File [35m"/opt/anaconda3/envs/proj_env/lib/python3.13/concurrent/futures/thread.py"[0m, line [35m59[0m, in [35mrun[0m
    result = self.fn(*self.args, **self.kwargs)
  File [35m"/opt/anaconda3/envs/proj_env/lib/python3.13/site-packages/flet/core/page.py"[0m, line [35m906[0m, in [35mwrapper[0m
    [31mhandler[0m[1;31m(*args)[0m
    [31m~~~~~~~[0m[1;31m^^^^^^^[0m
  File [35m"/Users/govindajithkumar/PycharmProjects/FoodBarcodeScanner/ui.py"[0m, line [35m224[0m, in [35mdisplay_nutrition[0m
    ].[1;31mitems[0m():
      [1;31m^^^^^[0m
[1;35mAttributeError[0m: [35m'str' object has no attribute 'items'[0m
