2025-10-27 22:51:10 | INFO     | root | Logs will be saved to logs/app_2025-10-27_22-51-10.log
2025-10-27 22:51:10 | INFO     | flet | Assets path configured: /Users/govindajithkumar/PycharmProjects/FoodBarcodeScanner/assets
2025-10-27 22:51:10 | INFO     | flet | Starting up UDS server on /var/folders/8p/3lycjd2d4yj6r4nzff87ynmr0000gn/T/ofmpohMgax
2025-10-27 22:51:10 | INFO     | flet | Flet app has started...
2025-10-27 22:51:10 | INFO     | flet | App URL: /var/folders/8p/3lycjd2d4yj6r4nzff87ynmr0000gn/T/ofmpohMgax
2025-10-27 22:51:10 | INFO     | flet_desktop | Starting Flet View app...
2025-10-27 22:51:10 | INFO     | flet_desktop | Flet View found in: /Users/govindajithkumar/.flet/bin/flet-0.28.3
2025-10-27 22:51:10 | INFO     | flet | App session started
2025-10-27 22:51:13 | ERROR    | utils | Barcode Update Failed -  is not a number
2025-10-27 22:51:13 | ERROR    | ui | Barcode Validation Error
2025-10-27 22:51:13 | INFO     | ui | Successfully showed image for None
2025-10-27 22:51:13 | ERROR    | utils | Barcode Update Failed - Invalid Barcode - Please enter a numerical barcode is not a number
2025-10-27 22:51:13 | ERROR    | ui | Cannot display nutritional info for an invalid barcode
2025-10-27 22:51:24 | INFO     | utils | Barcode Updated - 859213005001 is a valid numerical barcode
2025-10-27 22:51:24 | ERROR    | ui | Barcode Update Failed - 859213005001 is not a number
2025-10-27 22:51:24 | INFO     | utils | JSON file 859213005001 exists in history directory.
2025-10-27 22:51:24 | INFO     | ui | File found from history - will use that
2025-10-27 22:51:24 | ERROR    | asyncio | Future exception was never retrieved
future: <Future finished exception=TypeError('can only concatenate str (not "NoneType") to str')>
Traceback (most recent call last):
  File [35m"/opt/anaconda3/envs/proj_env/lib/python3.13/concurrent/futures/thread.py"[0m, line [35m59[0m, in [35mrun[0m
    result = self.fn(*self.args, **self.kwargs)
  File [35m"/opt/anaconda3/envs/proj_env/lib/python3.13/site-packages/flet/core/page.py"[0m, line [35m906[0m, in [35mwrapper[0m
    [31mhandler[0m[1;31m(*args)[0m
    [31m~~~~~~~[0m[1;31m^^^^^^^[0m
  File [35m"/Users/govindajithkumar/PycharmProjects/FoodBarcodeScanner/ui.py"[0m, line [35m125[0m, in [35mdisplay_nutrition[0m
    [31mself.retrieve_all_data[0m[1;31m()[0m
    [31m~~~~~~~~~~~~~~~~~~~~~~[0m[1;31m^^[0m
  File [35m"/Users/govindajithkumar/PycharmProjects/FoodBarcodeScanner/ui.py"[0m, line [35m107[0m, in [35mretrieve_all_data[0m
    [31mself.food_database_query.retrieve_nutrition_data[0m[1;31m()[0m
    [31m~~~~~~~~~~~~~~~~~~~~~~~~~~~~~~~~~~~~~~~~~~~~~~~~[0m[1;31m^^[0m
  File [35m"/Users/govindajithkumar/PycharmProjects/FoodBarcodeScanner/get_food_db.py"[0m, line [35m59[0m, in [35mretrieve_nutrition_data[0m
    [31m"json_hist/raw_openfoodfacts_data_" [0m[1;31m+[0m[31m self.food_barcode[0m + ".json", "r"
    [31m~~~~~~~~~~~~~~~~~~~~~~~~~~~~~~~~~~~~[0m[1;31m^[0m[31m~~~~~~~~~~~~~~~~~~[0m
[1;35mTypeError[0m: [35mcan only concatenate str (not "NoneType") to str[0m
2025-10-27 22:51:26 | INFO     | utils | Barcode Updated - 859213005001 is a valid numerical barcode
2025-10-27 22:51:26 | ERROR    | ui | Barcode Update Failed - 859213005001 is not a number
2025-10-27 22:51:26 | INFO     | utils | JSON file 859213005001 exists in history directory.
2025-10-27 22:51:26 | INFO     | ui | File found from history - will use that
2025-10-27 22:51:26 | ERROR    | asyncio | Future exception was never retrieved
future: <Future finished exception=TypeError('can only concatenate str (not "NoneType") to str')>
Traceback (most recent call last):
  File [35m"/opt/anaconda3/envs/proj_env/lib/python3.13/concurrent/futures/thread.py"[0m, line [35m59[0m, in [35mrun[0m
    result = self.fn(*self.args, **self.kwargs)
  File [35m"/opt/anaconda3/envs/proj_env/lib/python3.13/site-packages/flet/core/page.py"[0m, line [35m906[0m, in [35mwrapper[0m
    [31mhandler[0m[1;31m(*args)[0m
    [31m~~~~~~~[0m[1;31m^^^^^^^[0m
  File [35m"/Users/govindajithkumar/PycharmProjects/FoodBarcodeScanner/ui.py"[0m, line [35m125[0m, in [35mdisplay_nutrition[0m
    [31mself.retrieve_all_data[0m[1;31m()[0m
    [31m~~~~~~~~~~~~~~~~~~~~~~[0m[1;31m^^[0m
  File [35m"/Users/govindajithkumar/PycharmProjects/FoodBarcodeScanner/ui.py"[0m, line [35m107[0m, in [35mretrieve_all_data[0m
    [31mself.food_database_query.retrieve_nutrition_data[0m[1;31m()[0m
    [31m~~~~~~~~~~~~~~~~~~~~~~~~~~~~~~~~~~~~~~~~~~~~~~~~[0m[1;31m^^[0m
  File [35m"/Users/govindajithkumar/PycharmProjects/FoodBarcodeScanner/get_food_db.py"[0m, line [35m59[0m, in [35mretrieve_nutrition_data[0m
    [31m"json_hist/raw_openfoodfacts_data_" [0m[1;31m+[0m[31m self.food_barcode[0m + ".json", "r"
    [31m~~~~~~~~~~~~~~~~~~~~~~~~~~~~~~~~~~~~[0m[1;31m^[0m[31m~~~~~~~~~~~~~~~~~~[0m
[1;35mTypeError[0m: [35mcan only concatenate str (not "NoneType") to str[0m
