2025-11-03 10:32:27 | INFO     | root | Logs will be saved to logs/app_2025-11-03_10-32-27.log
2025-11-03 10:32:27 | INFO     | flet | Assets path configured: /Users/govindajithkumar/PycharmProjects/FoodBarcodeScanner/assets
2025-11-03 10:32:27 | INFO     | flet | Starting up UDS server on /var/folders/8p/3lycjd2d4yj6r4nzff87ynmr0000gn/T/le22qzEJtD
2025-11-03 10:32:27 | INFO     | flet | Flet app has started...
2025-11-03 10:32:27 | INFO     | flet | App URL: /var/folders/8p/3lycjd2d4yj6r4nzff87ynmr0000gn/T/le22qzEJtD
2025-11-03 10:32:27 | INFO     | flet_desktop | Starting Flet View app...
2025-11-03 10:32:27 | INFO     | flet_desktop | Flet View found in: /Users/govindajithkumar/.flet/bin/flet-0.28.3
2025-11-03 10:32:28 | INFO     | flet | App session started
2025-11-03 10:32:28 | INFO     | utils | Top 5 history barcodes : {'8445290728791': 30, '722252153258': 7, '111': 7} 
2025-11-03 10:32:28 | INFO     | utils | History updated successfully.
2025-11-03 10:32:49 | INFO     | ui | Displaying Nutritional Information for 722252153258
2025-11-03 10:32:49 | INFO     | ui | Checking Validity and Updating barcode for 722252153258
2025-11-03 10:32:49 | INFO     | utils | Barcode Updated - 722252153258 is a valid numerical barcode
2025-11-03 10:32:49 | INFO     | utils | Top 5 history barcodes : {'8445290728791': 30, '722252153258': 8, '111': 7} 
2025-11-03 10:32:49 | INFO     | utils | History updated successfully.
2025-11-03 10:32:49 | INFO     | utils | JSON file 722252153258 exists in history directory.
2025-11-03 10:32:49 | INFO     | ui | File found from history - will use that
2025-11-03 10:32:49 | INFO     | get_food_db | Successfully fetched image from website
2025-11-03 10:32:49 | INFO     | get_food_db | Successfully fetched all available and requested from website
2025-11-03 10:32:49 | INFO     | ui | New Barcode Data processed for 722252153258
2025-11-03 10:32:49 | INFO     | ui | Successfully showed image for 722252153258
2025-11-03 10:32:49 | INFO     | utils | Barcode Updated - 722252153258 is a valid numerical barcode
2025-11-03 10:32:49 | INFO     | ui | Successfully updated nutritional info for 722252153258
2025-11-03 10:32:49 | INFO     | ui | Buttons presented in the history tab before clearing []
2025-11-03 10:32:49 | INFO     | ui | Buttons presented in the history tab after clearing []
2025-11-03 10:32:49 | INFO     | ui | Generating new history tab buttons
2025-11-03 10:32:49 | INFO     | ui | Generating new history tab buttons
2025-11-03 10:32:49 | INFO     | ui | Generating new history tab buttons
2025-11-03 10:32:52 | INFO     | ui | Displaying Nutritional Information for 722252153258
2025-11-03 10:32:52 | INFO     | ui | Checking Validity and Updating barcode for 722252153258
2025-11-03 10:32:52 | INFO     | utils | Barcode Updated - 722252153258 is a valid numerical barcode
2025-11-03 10:32:52 | INFO     | utils | Top 5 history barcodes : {'8445290728791': 30, '722252153258': 9, '111': 7} 
2025-11-03 10:32:52 | INFO     | utils | History updated successfully.
2025-11-03 10:32:52 | INFO     | utils | JSON file 722252153258 exists in history directory.
2025-11-03 10:32:52 | INFO     | ui | File found from history - will use that
2025-11-03 10:32:52 | INFO     | get_food_db | Successfully fetched image from website
2025-11-03 10:32:52 | INFO     | get_food_db | Successfully fetched all available and requested from website
2025-11-03 10:32:52 | INFO     | ui | New Barcode Data processed for 722252153258
2025-11-03 10:32:52 | INFO     | ui | Successfully showed image for 722252153258
2025-11-03 10:32:52 | INFO     | utils | Barcode Updated - 722252153258 is a valid numerical barcode
2025-11-03 10:32:52 | INFO     | ui | Successfully updated nutritional info for 722252153258
2025-11-03 10:32:52 | INFO     | ui | Buttons presented in the history tab before clearing [ElevatedButton(text='8445290728791', style='{"padding":{},"side":{},"shape":{},"text_style":{}}'), ElevatedButton(text='722252153258', style='{"padding":{},"side":{},"shape":{},"text_style":{}}'), ElevatedButton(text='111', style='{"padding":{},"side":{},"shape":{},"text_style":{}}')]
2025-11-03 10:32:52 | INFO     | ui | Buttons presented in the history tab after clearing []
2025-11-03 10:32:52 | INFO     | ui | Generating new history tab buttons
2025-11-03 10:32:52 | INFO     | ui | Generating new history tab buttons
2025-11-03 10:32:52 | INFO     | ui | Generating new history tab buttons
2025-11-03 10:33:10 | INFO     | ui | Displaying Nutritional Information for 722252153258
2025-11-03 10:33:10 | INFO     | ui | Checking Validity and Updating barcode for 722252153258
2025-11-03 10:33:10 | INFO     | utils | Barcode Updated - 722252153258 is a valid numerical barcode
2025-11-03 10:33:10 | INFO     | utils | Top 5 history barcodes : {'8445290728791': 30, '722252153258': 10, '111': 7} 
2025-11-03 10:33:10 | INFO     | utils | History updated successfully.
2025-11-03 10:33:10 | INFO     | utils | JSON file 722252153258 exists in history directory.
2025-11-03 10:33:10 | INFO     | ui | File found from history - will use that
2025-11-03 10:33:10 | INFO     | get_food_db | Successfully fetched image from website
2025-11-03 10:33:10 | INFO     | get_food_db | Successfully fetched all available and requested from website
2025-11-03 10:33:10 | INFO     | ui | New Barcode Data processed for 722252153258
2025-11-03 10:33:10 | INFO     | ui | Successfully showed image for 722252153258
2025-11-03 10:33:10 | INFO     | utils | Barcode Updated - 722252153258 is a valid numerical barcode
2025-11-03 10:33:10 | INFO     | ui | Successfully updated nutritional info for 722252153258
2025-11-03 10:33:10 | INFO     | ui | Buttons presented in the history tab before clearing [ElevatedButton(text='8445290728791', style='{"padding":{},"side":{},"shape":{},"text_style":{}}'), ElevatedButton(text='722252153258', style='{"padding":{},"side":{},"shape":{},"text_style":{}}'), ElevatedButton(text='111', style='{"padding":{},"side":{},"shape":{},"text_style":{}}')]
2025-11-03 10:33:10 | INFO     | ui | Buttons presented in the history tab after clearing []
2025-11-03 10:33:10 | INFO     | ui | Generating new history tab buttons
2025-11-03 10:33:10 | INFO     | ui | Generating new history tab buttons
2025-11-03 10:33:10 | INFO     | ui | Generating new history tab buttons
2025-11-03 10:35:27 | INFO     | ui | Displaying Nutritional Information for 722252153258
2025-11-03 10:35:27 | INFO     | ui | Checking Validity and Updating barcode for 722252153258
2025-11-03 10:35:27 | INFO     | utils | Barcode Updated - 722252153258 is a valid numerical barcode
2025-11-03 10:35:27 | INFO     | utils | Top 5 history barcodes : {'8445290728791': 30, '722252153258': 11, '111': 7} 
2025-11-03 10:35:27 | INFO     | utils | History updated successfully.
2025-11-03 10:35:27 | INFO     | utils | JSON file 722252153258 exists in history directory.
2025-11-03 10:35:27 | INFO     | ui | File found from history - will use that
2025-11-03 10:35:27 | INFO     | get_food_db | Successfully fetched image from website
2025-11-03 10:35:27 | INFO     | get_food_db | Successfully fetched all available and requested from website
2025-11-03 10:35:27 | INFO     | ui | New Barcode Data processed for 722252153258
2025-11-03 10:35:27 | INFO     | ui | Successfully showed image for 722252153258
2025-11-03 10:35:27 | INFO     | utils | Barcode Updated - 722252153258 is a valid numerical barcode
2025-11-03 10:35:27 | INFO     | ui | Successfully updated nutritional info for 722252153258
2025-11-03 10:35:27 | INFO     | ui | Buttons presented in the history tab before clearing [ElevatedButton(text='8445290728791', style='{"padding":{},"side":{},"shape":{},"text_style":{}}'), ElevatedButton(text='722252153258', style='{"padding":{},"side":{},"shape":{},"text_style":{}}'), ElevatedButton(text='111', style='{"padding":{},"side":{},"shape":{},"text_style":{}}')]
2025-11-03 10:35:27 | INFO     | ui | Buttons presented in the history tab after clearing []
2025-11-03 10:35:27 | INFO     | ui | Generating new history tab buttons
2025-11-03 10:35:27 | INFO     | ui | Generating new history tab buttons
2025-11-03 10:35:27 | INFO     | ui | Generating new history tab buttons
2025-11-03 10:35:28 | INFO     | ui | Displaying Nutritional Information for 722252153258
2025-11-03 10:35:28 | INFO     | ui | Checking Validity and Updating barcode for 722252153258
2025-11-03 10:35:28 | INFO     | utils | Barcode Updated - 722252153258 is a valid numerical barcode
2025-11-03 10:35:28 | INFO     | utils | Top 5 history barcodes : {'8445290728791': 30, '722252153258': 12, '111': 7} 
2025-11-03 10:35:28 | INFO     | utils | History updated successfully.
2025-11-03 10:35:28 | INFO     | utils | JSON file 722252153258 exists in history directory.
2025-11-03 10:35:28 | INFO     | ui | File found from history - will use that
2025-11-03 10:35:28 | INFO     | get_food_db | Successfully fetched image from website
2025-11-03 10:35:28 | INFO     | get_food_db | Successfully fetched all available and requested from website
2025-11-03 10:35:28 | INFO     | ui | New Barcode Data processed for 722252153258
2025-11-03 10:35:28 | INFO     | ui | Successfully showed image for 722252153258
2025-11-03 10:35:28 | INFO     | utils | Barcode Updated - 722252153258 is a valid numerical barcode
2025-11-03 10:35:28 | INFO     | ui | Successfully updated nutritional info for 722252153258
2025-11-03 10:35:28 | INFO     | ui | Buttons presented in the history tab before clearing [ElevatedButton(text='8445290728791', style='{"padding":{},"side":{},"shape":{},"text_style":{}}'), ElevatedButton(text='722252153258', style='{"padding":{},"side":{},"shape":{},"text_style":{}}'), ElevatedButton(text='111', style='{"padding":{},"side":{},"shape":{},"text_style":{}}')]
2025-11-03 10:35:28 | INFO     | ui | Buttons presented in the history tab after clearing []
2025-11-03 10:35:28 | INFO     | ui | Generating new history tab buttons
2025-11-03 10:35:28 | INFO     | ui | Generating new history tab buttons
2025-11-03 10:35:28 | INFO     | ui | Generating new history tab buttons
