2025-10-29 13:46:12 | INFO     | root | Logs will be saved to logs/app_2025-10-29_13-46-12.log
2025-10-29 13:46:12 | INFO     | flet | Assets path configured: /Users/govindajithkumar/PycharmProjects/FoodBarcodeScanner/assets
2025-10-29 13:46:12 | INFO     | flet | Starting up UDS server on /var/folders/8p/3lycjd2d4yj6r4nzff87ynmr0000gn/T/DAX5LEF4ki
2025-10-29 13:46:12 | INFO     | flet | Flet app has started...
2025-10-29 13:46:12 | INFO     | flet | App URL: /var/folders/8p/3lycjd2d4yj6r4nzff87ynmr0000gn/T/DAX5LEF4ki
2025-10-29 13:46:12 | INFO     | flet_desktop | Starting Flet View app...
2025-10-29 13:46:12 | INFO     | flet_desktop | Flet View found in: /Users/govindajithkumar/.flet/bin/flet-0.28.3
2025-10-29 13:46:12 | INFO     | flet | App session started
2025-10-29 13:46:14 | INFO     | utils | Barcode Updated - 722252153258 is a valid numerical barcode
2025-10-29 13:46:14 | ERROR    | ui | Barcode Update Failed - 722252153258 is not a number
2025-10-29 13:46:14 | INFO     | utils | JSON file 722252153258 exists in history directory.
2025-10-29 13:46:14 | INFO     | ui | File found from history - will use that
2025-10-29 13:46:14 | INFO     | get_food_db | Successfully fetched image from website
2025-10-29 13:46:14 | INFO     | get_food_db | Successfully fetched all available and requested from website
2025-10-29 13:46:14 | INFO     | ui | New Barcode Data processed for 722252153258
2025-10-29 13:46:14 | INFO     | ui | Successfully showed image for 722252153258
2025-10-29 13:46:14 | INFO     | utils | Barcode Updated - 722252153258 is a valid numerical barcode
2025-10-29 13:46:14 | ERROR    | asyncio | Future exception was never retrieved
future: <Future finished exception=KeyError('not-applicable')>
Traceback (most recent call last):
  File [35m"/opt/anaconda3/envs/proj_env/lib/python3.13/concurrent/futures/thread.py"[0m, line [35m59[0m, in [35mrun[0m
    result = self.fn(*self.args, **self.kwargs)
  File [35m"/opt/anaconda3/envs/proj_env/lib/python3.13/site-packages/flet/core/page.py"[0m, line [35m906[0m, in [35mwrapper[0m
    [31mhandler[0m[1;31m(*args)[0m
    [31m~~~~~~~[0m[1;31m^^^^^^^[0m
  File [35m"/Users/govindajithkumar/PycharmProjects/FoodBarcodeScanner/ui.py"[0m, line [35m225[0m, in [35mdisplay_nutrition[0m
    color = [31mui_config["text_color"]["nutri_score_color_grade"][0m[1;31m[[0m
            [31m~~~~~~~~~~~~~~~~~~~~~~~~~~~~~~~~~~~~~~~~~~~~~~~~~~[0m[1;31m^[0m
        [1;31mself.processed_nutritional_info["nutriscore_grade"][0m
        [1;31m^^^^^^^^^^^^^^^^^^^^^^^^^^^^^^^^^^^^^^^^^^^^^^^^^^^[0m
    [1;31m][0m
    [1;31m^[0m
[1;35mKeyError[0m: [35m'not-applicable'[0m
2025-10-29 13:46:22 | INFO     | utils | Barcode Updated - 859213005001 is a valid numerical barcode
2025-10-29 13:46:22 | ERROR    | ui | Barcode Update Failed - 859213005001 is not a number
2025-10-29 13:46:22 | WARNING  | utils | File not found in history for - 859213005001
2025-10-29 13:46:22 | WARNING  | ui | File not found from history - retrieving data from internet
2025-10-29 13:46:23 | INFO     | get_food_db | Successfully fetched data from website
2025-10-29 13:46:23 | INFO     | get_food_db | Successfully fetched image from website
2025-10-29 13:46:23 | INFO     | get_food_db | Successfully fetched all available and requested from website
2025-10-29 13:46:23 | INFO     | ui | New Barcode Data processed for 859213005001
2025-10-29 13:46:23 | INFO     | ui | Successfully showed image for 859213005001
2025-10-29 13:46:23 | INFO     | utils | Barcode Updated - 859213005001 is a valid numerical barcode
2025-10-29 13:46:23 | INFO     | ui | Successfully updated nutritional info for 859213005001
