2025-10-29 14:25:24 | INFO     | root | Logs will be saved to logs/app_2025-10-29_14-25-24.log
2025-10-29 14:25:24 | INFO     | flet | Assets path configured: /Users/govindajithkumar/PycharmProjects/FoodBarcodeScanner/assets
2025-10-29 14:25:24 | INFO     | flet | Starting up UDS server on /var/folders/8p/3lycjd2d4yj6r4nzff87ynmr0000gn/T/Exdv6ptWZy
2025-10-29 14:25:24 | INFO     | flet | Flet app has started...
2025-10-29 14:25:24 | INFO     | flet | App URL: /var/folders/8p/3lycjd2d4yj6r4nzff87ynmr0000gn/T/Exdv6ptWZy
2025-10-29 14:25:24 | INFO     | flet_desktop | Starting Flet View app...
2025-10-29 14:25:24 | INFO     | flet_desktop | Flet View found in: /Users/govindajithkumar/.flet/bin/flet-0.28.3
2025-10-29 14:25:24 | INFO     | flet | App session started
2025-10-29 14:25:26 | INFO     | utils | Barcode Updated - 3017624010701 is a valid numerical barcode
2025-10-29 14:25:26 | ERROR    | ui | Barcode Update Failed - 3017624010701 is not a number
2025-10-29 14:25:26 | WARNING  | utils | File not found in history for - 3017624010701
2025-10-29 14:25:26 | WARNING  | ui | File not found from history - retrieving data from internet
2025-10-29 14:25:27 | INFO     | get_food_db | Successfully fetched data from website
2025-10-29 14:25:27 | INFO     | get_food_db | Successfully fetched image from website
2025-10-29 14:25:27 | ERROR    | get_food_db | Serving Size not available on the website
2025-10-29 14:25:27 | INFO     | get_food_db | Successfully fetched all available and requested from website
2025-10-29 14:25:27 | INFO     | ui | New Barcode Data processed for 3017624010701
2025-10-29 14:25:27 | INFO     | ui | Successfully showed image for 3017624010701
2025-10-29 14:25:27 | INFO     | utils | Barcode Updated - 3017624010701 is a valid numerical barcode
2025-10-29 14:25:27 | INFO     | ui | Successfully updated nutritional info for 3017624010701
2025-10-29 14:25:35 | INFO     | utils | Barcode Updated - 8445290728791 is a valid numerical barcode
2025-10-29 14:25:35 | ERROR    | ui | Barcode Update Failed - 8445290728791 is not a number
2025-10-29 14:25:35 | WARNING  | utils | File not found in history for - 8445290728791
2025-10-29 14:25:35 | WARNING  | ui | File not found from history - retrieving data from internet
2025-10-29 14:25:35 | INFO     | get_food_db | Successfully fetched data from website
2025-10-29 14:25:35 | INFO     | get_food_db | Successfully fetched image from website
2025-10-29 14:25:35 | INFO     | get_food_db | Successfully fetched all available and requested from website
2025-10-29 14:25:35 | INFO     | ui | New Barcode Data processed for 8445290728791
2025-10-29 14:25:35 | INFO     | ui | Successfully showed image for 8445290728791
2025-10-29 14:25:35 | INFO     | utils | Barcode Updated - 8445290728791 is a valid numerical barcode
2025-10-29 14:25:35 | INFO     | ui | Successfully updated nutritional info for 8445290728791
2025-10-29 14:25:41 | INFO     | utils | Barcode Updated - 722252153258 is a valid numerical barcode
2025-10-29 14:25:41 | ERROR    | ui | Barcode Update Failed - 722252153258 is not a number
2025-10-29 14:25:41 | WARNING  | utils | File not found in history for - 722252153258
2025-10-29 14:25:41 | WARNING  | ui | File not found from history - retrieving data from internet
2025-10-29 14:25:41 | INFO     | get_food_db | Successfully fetched data from website
2025-10-29 14:25:41 | INFO     | get_food_db | Successfully fetched image from website
2025-10-29 14:25:41 | INFO     | get_food_db | Successfully fetched all available and requested from website
2025-10-29 14:25:41 | INFO     | ui | New Barcode Data processed for 722252153258
2025-10-29 14:25:41 | INFO     | ui | Successfully showed image for 722252153258
2025-10-29 14:25:41 | INFO     | utils | Barcode Updated - 722252153258 is a valid numerical barcode
2025-10-29 14:25:41 | ERROR    | asyncio | Future exception was never retrieved
future: <Future finished exception=KeyError('not-applicable')>
Traceback (most recent call last):
  File [35m"/opt/anaconda3/envs/proj_env/lib/python3.13/concurrent/futures/thread.py"[0m, line [35m59[0m, in [35mrun[0m
    result = self.fn(*self.args, **self.kwargs)
  File [35m"/opt/anaconda3/envs/proj_env/lib/python3.13/site-packages/flet/core/page.py"[0m, line [35m906[0m, in [35mwrapper[0m
    [31mhandler[0m[1;31m(*args)[0m
    [31m~~~~~~~[0m[1;31m^^^^^^^[0m
  File [35m"/Users/govindajithkumar/PycharmProjects/FoodBarcodeScanner/ui.py"[0m, line [35m225[0m, in [35mdisplay_nutrition[0m
    color = [31mui_config["text_color"]["nutri_score_color_grade"][0m[1;31m[[0m
            [31m~~~~~~~~~~~~~~~~~~~~~~~~~~~~~~~~~~~~~~~~~~~~~~~~~~[0m[1;31m^[0m
        [1;31mself.processed_nutritional_info["nutriscore_grade"][0m
        [1;31m^^^^^^^^^^^^^^^^^^^^^^^^^^^^^^^^^^^^^^^^^^^^^^^^^^^[0m
    [1;31m][0m
    [1;31m^[0m
[1;35mKeyError[0m: [35m'not-applicable'[0m
