2025-10-29 12:12:07 | INFO     | root | Logs will be saved to logs/app_2025-10-29_12-12-07.log
2025-10-29 12:12:07 | INFO     | flet | Assets path configured: /Users/govindajithkumar/PycharmProjects/FoodBarcodeScanner/assets
2025-10-29 12:12:07 | INFO     | flet | Starting up UDS server on /var/folders/8p/3lycjd2d4yj6r4nzff87ynmr0000gn/T/bFAH93oUEB
2025-10-29 12:12:07 | INFO     | flet | Flet app has started...
2025-10-29 12:12:07 | INFO     | flet | App URL: /var/folders/8p/3lycjd2d4yj6r4nzff87ynmr0000gn/T/bFAH93oUEB
2025-10-29 12:12:07 | INFO     | flet_desktop | Starting Flet View app...
2025-10-29 12:12:07 | INFO     | flet_desktop | Flet View found in: /Users/govindajithkumar/.flet/bin/flet-0.28.3
2025-10-29 12:12:07 | INFO     | flet | App session started
2025-10-29 12:12:10 | INFO     | utils | Barcode Updated - 3017624010701 is a valid numerical barcode
2025-10-29 12:12:10 | ERROR    | ui | Barcode Update Failed - 3017624010701 is not a number
2025-10-29 12:12:10 | WARNING  | utils | File not found in history for - 3017624010701
2025-10-29 12:12:10 | WARNING  | ui | File not found from history - retrieving data from internet
2025-10-29 12:12:10 | INFO     | get_food_db | Successfully fetched data from website
2025-10-29 12:12:10 | ERROR    | asyncio | Future exception was never retrieved
future: <Future finished exception=KeyError('serving_size')>
Traceback (most recent call last):
  File [35m"/opt/anaconda3/envs/proj_env/lib/python3.13/concurrent/futures/thread.py"[0m, line [35m59[0m, in [35mrun[0m
    result = self.fn(*self.args, **self.kwargs)
  File [35m"/opt/anaconda3/envs/proj_env/lib/python3.13/site-packages/flet/core/page.py"[0m, line [35m906[0m, in [35mwrapper[0m
    [31mhandler[0m[1;31m(*args)[0m
    [31m~~~~~~~[0m[1;31m^^^^^^^[0m
  File [35m"/Users/govindajithkumar/PycharmProjects/FoodBarcodeScanner/ui.py"[0m, line [35m169[0m, in [35mdisplay_nutrition[0m
    [31mself.retrieve_all_data[0m[1;31m()[0m
    [31m~~~~~~~~~~~~~~~~~~~~~~[0m[1;31m^^[0m
  File [35m"/Users/govindajithkumar/PycharmProjects/FoodBarcodeScanner/ui.py"[0m, line [35m147[0m, in [35mretrieve_all_data[0m
    [31mself.food_database_query.retrieve_nutrition_data[0m[1;31m()[0m
    [31m~~~~~~~~~~~~~~~~~~~~~~~~~~~~~~~~~~~~~~~~~~~~~~~~[0m[1;31m^^[0m
  File [35m"/Users/govindajithkumar/PycharmProjects/FoodBarcodeScanner/get_food_db.py"[0m, line [35m68[0m, in [35mretrieve_nutrition_data[0m
    self.nutritional_info_dict["serving_size"] = [31mfood_barcode_data[[0m
                                                 [31m~~~~~~~~~~~~~~~~~~[0m
        [31m"product"[0m
        [31m~~~~~~~~~[0m
    [31m][0m[1;31m["serving_size"][0m
    [31m~[0m[1;31m^^^^^^^^^^^^^^^^[0m
[1;35mKeyError[0m: [35m'serving_size'[0m
